nohup: ignoring input
[chain] nogate_v23 exit=0
[chain] laya_v23 exit=0
[chain] det_v23 exit=0
# Gate e2e Acceptance

> baseline=`/mnt/workspace/runs/20261002-gate12v3/nogate_v23/report.json` — verdict: **ACCEPT** (P1 reorder-only / P2 no-fallback / P3 quality-floor / P4 confirmed-coverage; REFUTED is a model verdict, not an FP rate)

| Arm | Backend | P1 | P2 | P3 | P4 | Confirmed(base) | Final(base) | Verify req | Protected | Seconds | Verdict |
| --- | --- | --- | --- | --- | --- | --- | --- | --- | --- | --- | --- |
| laya_v23 | laya | ✅ | ✅ | ✅ | ✅ | 4(4) | 11(11) | 6 | 2 | 1067.504 | PASS |
| det_v23 | deterministic | ✅ | ✅ | ✅ | ✅ | 4(4) | 11(11) | 6 | 2 | 1075.84 | PASS |

wrote /mnt/workspace/runs/20261002-gate12v3/acceptance_v23.json and /mnt/workspace/runs/20261002-gate12v3/acceptance_v23.md
[chain] compare_v23 exit=0
[chain] nogate_v27 exit=0
[chain] laya_v27 exit=0
[chain] det_v27 exit=0
# Gate e2e Acceptance

> baseline=`/mnt/workspace/runs/20261002-gate12v3/nogate_v27/report.json` — verdict: **ACCEPT** (P1 reorder-only / P2 no-fallback / P3 quality-floor / P4 confirmed-coverage; REFUTED is a model verdict, not an FP rate)

| Arm | Backend | P1 | P2 | P3 | P4 | Confirmed(base) | Final(base) | Verify req | Protected | Seconds | Verdict |
| --- | --- | --- | --- | --- | --- | --- | --- | --- | --- | --- | --- |
| laya_v27 | laya | ✅ | ✅ | ✅ | ✅ | 4(4) | 11(11) | 5 | 1 | 652.934 | PASS |
| det_v27 | deterministic | ✅ | ✅ | ✅ | ✅ | 4(4) | 11(11) | 5 | 1 | 676.635 | PASS |

wrote /mnt/workspace/runs/20261002-gate12v3/acceptance_v27.json and /mnt/workspace/runs/20261002-gate12v3/acceptance_v27.md
[chain] compare_v27 exit=0
GATE12V3_ALL_DONE
